all:
	echo -e "\n\nDid you remember to bump the version number in snapcraft.yaml?\n\n"
	snapcraft --use-lxd

clean:
	rm -rf parts/ prime/ snap/ stage/ build/ dist/ src/*.egg-info/ ssh-audit*.snap
